\BOOKMARK [0][-]{chapter*.1}{\376\377\000L\036\335\000i\000\040\000c\000a\000m\000\040\001\021\000o\000a\000n}{}% 1
\BOOKMARK [0][-]{chapter*.2}{\376\377\000T\000\363\000m\000\040\000t\036\257\000t}{}% 2
\BOOKMARK [0][-]{chapter.1}{\376\377\000G\000i\036\333\000i\000\040\000t\000h\000i\036\307\000u}{}% 3
\BOOKMARK [1][-]{section.1.1}{\376\377\000B\036\321\000i\000\040\000c\036\243\000n\000h\000\040\000v\000\340\000\040\001\021\036\331\000n\000g\000\040\000l\036\361\000c}{chapter.1}% 4
\BOOKMARK [1][-]{section.1.2}{\376\377\000M\036\345\000c\000\040\000t\000i\000\352\000u\000\040\001\021\036\301\000\040\000t\000\340\000i}{chapter.1}% 5
\BOOKMARK [1][-]{section.1.3}{\376\377\000P\000h\036\241\000m\000\040\000v\000i\000\040\000t\000h\036\361\000c\000\040\000h\000i\036\307\000n}{chapter.1}% 6
\BOOKMARK [1][-]{section.1.4}{\376\377\000C\036\245\000u\000\040\000t\000r\000\372\000c\000\040\000b\000\341\000o\000\040\000c\000\341\000o}{chapter.1}% 7
\BOOKMARK [0][-]{chapter.2}{\376\377\000C\001\241\000\040\000s\036\337\000\040\000l\000\375\000\040\000t\000h\000u\000y\036\277\000t}{}% 8
\BOOKMARK [1][-]{section.2.1}{\376\377\000M\000L\000O\000p\000s\000\040\000l\000\340\000\040\000g\000\354\000?}{chapter.2}% 9
\BOOKMARK [2][-]{subsection.2.1.1}{\376\377\000C\000\341\000c\000\040\000t\000h\000\340\000n\000h\000\040\000p\000h\036\247\000n\000\040\000c\036\321\000t\000\040\000l\000\365\000i\000\040\000c\036\347\000a\000\040\000M\000L\000O\000p\000s}{section.2.1}% 10
\BOOKMARK [1][-]{section.2.2}{\376\377\000D\000a\000t\000a\000\040\000D\000r\000i\000f\000t\000\040\000v\000\340\000\040\000M\000o\000d\000e\000l\000\040\000D\000r\000i\000f\000t}{chapter.2}% 11
\BOOKMARK [1][-]{section.2.3}{\376\377\000C\000\341\000c\000\040\000c\000\364\000n\000g\000\040\000c\036\345\000\040\000s\036\355\000\040\000d\036\345\000n\000g}{chapter.2}% 12
\BOOKMARK [2][-]{subsection.2.3.1}{\376\377\000M\000L\000f\000l\000o\000w}{section.2.3}% 13
\BOOKMARK [2][-]{subsection.2.3.2}{\376\377\000A\000p\000a\000c\000h\000e\000\040\000A\000i\000r\000f\000l\000o\000w}{section.2.3}% 14
\BOOKMARK [2][-]{subsection.2.3.3}{\376\377\000F\000a\000s\000t\000A\000P\000I}{section.2.3}% 15
\BOOKMARK [2][-]{subsection.2.3.4}{\376\377\000E\000v\000i\000d\000e\000n\000t\000l\000y\000\040\000A\000I}{section.2.3}% 16
\BOOKMARK [2][-]{subsection.2.3.5}{\376\377\000P\000r\000o\000m\000e\000t\000h\000e\000u\000s\000\040\000\046\000\040\000G\000r\000a\000f\000a\000n\000a}{section.2.3}% 17
\BOOKMARK [2][-]{subsection.2.3.6}{\376\377\000D\000o\000c\000k\000e\000r\000\040\000\046\000\040\000D\000o\000c\000k\000e\000r\000\040\000C\000o\000m\000p\000o\000s\000e}{section.2.3}% 18
\BOOKMARK [0][-]{chapter.3}{\376\377\000K\000i\036\277\000n\000\040\000t\000r\000\372\000c\000\040\000v\000\340\000\040\000T\000h\000i\036\277\000t\000\040\000k\036\277\000\040\000H\036\307\000\040\000t\000h\036\321\000n\000g}{}% 19
\BOOKMARK [1][-]{section.3.1}{\376\377\000T\036\325\000n\000g\000\040\000q\000u\000a\000n\000\040\000k\000i\036\277\000n\000\040\000t\000r\000\372\000c}{chapter.3}% 20
\BOOKMARK [1][-]{section.3.2}{\376\377\000L\000u\036\323\000n\000g\000\040\000d\036\357\000\040\000l\000i\036\307\000u\000\040\000t\036\325\000n\000g\000\040\000t\000h\036\303}{chapter.3}% 21
\BOOKMARK [1][-]{section.3.3}{\376\377\000C\036\245\000u\000\040\000t\000r\000\372\000c\000\040\000t\000h\001\260\000\040\000m\036\345\000c\000\040\000d\036\361\000\040\000\341\000n}{chapter.3}% 22
\BOOKMARK [1][-]{section.3.4}{\376\377\000T\000h\000i\036\277\000t\000\040\000k\036\277\000\040\000A\000i\000r\000f\000l\000o\000w\000\040\000D\000A\000G}{chapter.3}% 23
\BOOKMARK [1][-]{section.3.5}{\376\377\000K\000i\036\277\000n\000\040\000t\000r\000\372\000c\000\040\000C\000I\000/\000C\000D}{chapter.3}% 24
\BOOKMARK [0][-]{chapter.4}{\376\377\000M\000\364\000\040\000t\036\243\000\040\000D\036\357\000\040\000l\000i\036\307\000u\000\040\000v\000\340\000\040\000M\000\364\000\040\000h\000\354\000n\000h\000\040\000H\036\315\000c\000\040\000M\000\341\000y}{}% 25
\BOOKMARK [1][-]{section.4.1}{\376\377\000D\000a\000t\000a\000s\000e\000t\000:\000\040\000W\000i\000n\000e\000\040\000Q\000u\000a\000l\000i\000t\000y}{chapter.4}% 26
\BOOKMARK [2][-]{subsection.4.1.1}{\376\377\000M\000\364\000\040\000t\036\243\000\040\0001\0003\000\040\000f\000e\000a\000t\000u\000r\000e\000s}{section.4.1}% 27
\BOOKMARK [1][-]{section.4.2}{\376\377\000M\000\364\000\040\000h\000\354\000n\000h\000\040\000h\036\315\000c\000\040\000m\000\341\000y}{chapter.4}% 28
\BOOKMARK [2][-]{subsection.4.2.1}{\376\377\000L\036\361\000a\000\040\000c\000h\036\315\000n\000\040\000m\000\364\000\040\000h\000\354\000n\000h}{section.4.2}% 29
\BOOKMARK [2][-]{subsection.4.2.2}{\376\377\000H\000y\000p\000e\000r\000p\000a\000r\000a\000m\000e\000t\000e\000r\000s}{section.4.2}% 30
\BOOKMARK [2][-]{subsection.4.2.3}{\376\377\000Q\000u\000y\000\040\000t\000r\000\354\000n\000h\000\040\000t\000i\036\301\000n\000\040\000x\036\355\000\040\000l\000\375\000\040\000d\036\357\000\040\000l\000i\036\307\000u}{section.4.2}% 31
\BOOKMARK [2][-]{subsection.4.2.4}{\376\377\000E\000x\000p\000l\000a\000i\000n\000a\000b\000i\000l\000i\000t\000y\000\040\040\023\000\040\000G\000i\036\243\000i\000\040\000t\000h\000\355\000c\000h\000\040\000m\000\364\000\040\000h\000\354\000n\000h}{section.4.2}% 32
\BOOKMARK [0][-]{chapter.5}{\376\377\000Q\000u\000y\000\040\000t\000r\000\354\000n\000h\000\040\000T\000r\000i\036\303\000n\000\040\000k\000h\000a\000i\000\040\000v\000\340\000\040\000T\000h\036\361\000c\000\040\000n\000g\000h\000i\036\307\000m}{}% 33
\BOOKMARK [1][-]{section.5.1}{\376\377\000M\000\364\000i\000\040\000t\000r\001\260\036\335\000n\000g\000\040\000t\000r\000i\036\303\000n\000\040\000k\000h\000a\000i}{chapter.5}% 34
\BOOKMARK [1][-]{section.5.2}{\376\377\000C\000\341\000c\000\040\000b\001\260\036\333\000c\000\040\000t\000r\000i\036\303\000n\000\040\000k\000h\000a\000i}{chapter.5}% 35
\BOOKMARK [2][-]{subsection.5.2.1}{\376\377\000B\001\260\036\333\000c\000\040\0001\000:\000\040\000K\000h\036\337\000i\000\040\001\021\036\331\000n\000g\000\040\000h\036\241\000\040\000t\036\247\000n\000g}{section.5.2}% 36
\BOOKMARK [2][-]{subsection.5.2.2}{\376\377\000B\001\260\036\333\000c\000\040\0002\000:\000\040\000H\000u\036\245\000n\000\040\000l\000u\000y\036\307\000n\000\040\000m\000\364\000\040\000h\000\354\000n\000h\000\040\000b\000a\000n\000\040\001\021\036\247\000u}{section.5.2}% 37
\BOOKMARK [2][-]{subsection.5.2.3}{\376\377\000B\001\260\036\333\000c\000\040\0003\000:\000\040\000D\000e\000m\000o\000\040\000d\000r\000i\000f\000t\000\040\000v\000\340\000\040\000t\000\341\000i\000\040\000h\000u\036\245\000n\000\040\000l\000u\000y\036\307\000n\000\040\000t\036\361\000\040\001\021\036\331\000n\000g}{section.5.2}% 38
\BOOKMARK [2][-]{subsection.5.2.4}{\376\377\000B\001\260\036\333\000c\000\040\0004\000:\000\040\000G\000i\000\341\000m\000\040\000s\000\341\000t\000\040\000v\000\340\000\040\000q\000u\000a\000n\000\040\000s\000\341\000t\000\040\000k\036\277\000t\000\040\000q\000u\036\243}{section.5.2}% 39
\BOOKMARK [1][-]{section.5.3}{\376\377\000K\000i\036\303\000m\000\040\000t\000h\036\355\000\040\000\050\000T\000e\000s\000t\000i\000n\000g\000\051}{chapter.5}% 40
\BOOKMARK [2][-]{subsection.5.3.1}{\376\377\000C\036\245\000u\000\040\000t\000r\000\372\000c\000\040\000b\036\331\000\040\000t\000e\000s\000t}{section.5.3}% 41
\BOOKMARK [2][-]{subsection.5.3.2}{\376\377\000C\000h\036\241\000y\000\040\000k\000i\036\303\000m\000\040\000t\000h\036\355}{section.5.3}% 42
\BOOKMARK [1][-]{section.5.4}{\376\377\000X\036\355\000\040\000l\000\375\000\040\000c\000\341\000c\000\040\000t\000h\000\341\000c\000h\000\040\000t\000h\036\351\000c\000\040\000k\036\371\000\040\000t\000h\000u\036\255\000t}{chapter.5}% 43
\BOOKMARK [0][-]{chapter.6}{\376\377\000K\036\277\000t\000\040\000q\000u\036\243\000\040\001\020\036\241\000t\000\040\001\021\001\260\036\343\000c}{}% 44
\BOOKMARK [1][-]{section.6.1}{\376\377\000K\036\277\000t\000\040\000q\000u\036\243\000\040\000h\000u\036\245\000n\000\040\000l\000u\000y\036\307\000n\000\040\000m\000\364\000\040\000h\000\354\000n\000h}{chapter.6}% 45
\BOOKMARK [1][-]{section.6.2}{\376\377\000K\036\277\000t\000\040\000q\000u\036\243\000\040\000k\000i\036\303\000m\000\040\000t\000h\036\355\000\040\000t\036\361\000\040\001\021\036\331\000n\000g}{chapter.6}% 46
\BOOKMARK [1][-]{section.6.3}{\376\377\000K\036\277\000t\000\040\000q\000u\036\243\000\040\000A\000i\000r\000f\000l\000o\000w\000\040\000D\000A\000G}{chapter.6}% 47
\BOOKMARK [1][-]{section.6.4}{\376\377\000K\036\277\000t\000\040\000q\000u\036\243\000\040\000g\000i\000\341\000m\000\040\000s\000\341\000t\000\040\000h\036\307\000\040\000t\000h\036\321\000n\000g}{chapter.6}% 48
\BOOKMARK [2][-]{subsection.6.4.1}{\376\377\000P\000r\000o\000m\000e\000t\000h\000e\000u\000s\000\040\000M\000e\000t\000r\000i\000c\000s}{section.6.4}% 49
\BOOKMARK [2][-]{subsection.6.4.2}{\376\377\000G\000r\000a\000f\000a\000n\000a\000\040\000D\000a\000s\000h\000b\000o\000a\000r\000d}{section.6.4}% 50
\BOOKMARK [1][-]{section.6.5}{\376\377\000K\036\277\000t\000\040\000q\000u\036\243\000\040\000C\000I\000/\000C\000D}{chapter.6}% 51
\BOOKMARK [1][-]{section.6.6}{\376\377\000S\000o\000\040\000s\000\341\000n\000h\000\040\000v\036\333\000i\000\040\000y\000\352\000u\000\040\000c\036\247\000u\000\040\001\021\036\301\000\040\000t\000\340\000i}{chapter.6}% 52
\BOOKMARK [0][-]{chapter.7}{\376\377\000K\036\277\000t\000\040\000l\000u\036\255\000n\000\040\000v\000\340\000\040\000H\001\260\036\333\000n\000g\000\040\000P\000h\000\341\000t\000\040\000t\000r\000i\036\303\000n}{}% 53
\BOOKMARK [1][-]{section.7.1}{\376\377\000K\036\277\000t\000\040\000l\000u\036\255\000n}{chapter.7}% 54
\BOOKMARK [1][-]{section.7.2}{\376\377\000H\001\260\036\333\000n\000g\000\040\000p\000h\000\341\000t\000\040\000t\000r\000i\036\303\000n}{chapter.7}% 55
\BOOKMARK [0][-]{chapter*.16}{\376\377\000T\000\340\000i\000\040\000l\000i\036\307\000u\000\040\000t\000h\000a\000m\000\040\000k\000h\036\243\000o}{}% 56
\BOOKMARK [0][-]{appendix.A}{\376\377\000H\001\260\036\333\000n\000g\000\040\000d\036\253\000n\000\040\000c\000\340\000i\000\040\001\021\036\267\000t\000\040\000v\000\340\000\040\000c\000h\036\241\000y}{}% 57
\BOOKMARK [1][-]{section.A.1}{\376\377\000Y\000\352\000u\000\040\000c\036\247\000u\000\040\000h\036\307\000\040\000t\000h\036\321\000n\000g}{appendix.A}% 58
\BOOKMARK [1][-]{section.A.2}{\376\377\000C\000\341\000c\000\040\000b\001\260\036\333\000c\000\040\000c\000\340\000i\000\040\001\021\036\267\000t\000\040\000t\036\353\000\040\001\021\036\247\000u}{appendix.A}% 59
\BOOKMARK [0][-]{appendix.B}{\376\377\000C\036\245\000u\000\040\000h\000\354\000n\000h\000\040\000D\000o\000c\000k\000e\000r\000\040\000C\000o\000m\000p\000o\000s\000e}{}% 60
\BOOKMARK [0][-]{appendix.C}{\376\377\000C\036\245\000u\000\040\000t\000r\000\372\000c\000\040\000A\000i\000r\000f\000l\000o\000w\000\040\000D\000A\000G}{}% 61
